
  .   ____          _            __ _ _
 /\\ / ___'_ __ _ _(_)_ __  __ _ \ \ \ \
( ( )\___ | '_ | '_| | '_ \/ _` | \ \ \ \
 \\/  ___)| |_)| | | | | || (_| |  ) ) ) )
  '  |____| .__|_| |_|_| |_\__, | / / / /
 =========|_|==============|___/=/_/_/_/

 :: Spring Boot ::                (v3.3.5)

2026-08-06T23:55:28.004+08:00  INFO 31780 --- [campusgo-server] [           main] com.campusgo.CampusGoServerApplication   : Starting CampusGoServerApplication v0.1.0-SNAPSHOT using Java 21.0.10 with PID 31780 (F:\CampusGo\server\campusgo-bootstrap\target\campusgo-bootstrap-0.1.0-SNAPSHOT.jar started by wxh in F:\CampusGo\server)
2026-08-06T23:55:28.014+08:00  INFO 31780 --- [campusgo-server] [           main] com.campusgo.CampusGoServerApplication   : The following 1 profile is active: "local"
2026-08-06T23:55:29.947+08:00  INFO 31780 --- [campusgo-server] [           main] .s.d.r.c.RepositoryConfigurationDelegate : Multiple Spring Data modules found, entering strict repository configuration mode
2026-08-06T23:55:29.951+08:00  INFO 31780 --- [campusgo-server] [           main] .s.d.r.c.RepositoryConfigurationDelegate : Bootstrapping Spring Data JPA repositories in DEFAULT mode.
2026-08-06T23:55:30.181+08:00  INFO 31780 --- [campusgo-server] [           main] .s.d.r.c.RepositoryConfigurationDelegate : Finished Spring Data repository scanning in 192 ms. Found 10 JPA repository interfaces.
2026-08-06T23:55:31.101+08:00  INFO 31780 --- [campusgo-server] [           main] .s.d.r.c.RepositoryConfigurationDelegate : Multiple Spring Data modules found, entering strict repository configuration mode
2026-08-06T23:55:31.113+08:00  INFO 31780 --- [campusgo-server] [           main] .s.d.r.c.RepositoryConfigurationDelegate : Bootstrapping Spring Data Redis repositories in DEFAULT mode.
2026-08-06T23:55:31.151+08:00  INFO 31780 --- [campusgo-server] [           main] .RepositoryConfigurationExtensionSupport : Spring Data Redis - Could not safely identify store assignment for repository candidate interface com.campusgo.infrastructure.persistence.jpa.AppUserJpaRepository; If you want this repository to be a Redis repository, consider annotating your entities with one of these annotations: org.springframework.data.redis.core.RedisHash (preferred), or consider extending one of the following types with your repository: org.springframework.data.keyvalue.repository.KeyValueRepository
2026-08-06T23:55:31.156+08:00  INFO 31780 --- [campusgo-server] [           main] .RepositoryConfigurationExtensionSupport : Spring Data Redis - Could not safely identify store assignment for repository candidate interface com.campusgo.infrastructure.persistence.jpa.ChatConversationJpaRepository; If you want this repository to be a Redis repository, consider annotating your entities with one of these annotations: org.springframework.data.redis.core.RedisHash (preferred), or consider extending one of the following types with your repository: org.springframework.data.keyvalue.repository.KeyValueRepository
2026-08-06T23:55:31.158+08:00  INFO 31780 --- [campusgo-server] [           main] .RepositoryConfigurationExtensionSupport : Spring Data Redis - Could not safely identify store assignment for repository candidate interface com.campusgo.infrastructure.persistence.jpa.ChatMessageJpaRepository; If you want this repository to be a Redis repository, consider annotating your entities with one of these annotations: org.springframework.data.redis.core.RedisHash (preferred), or consider extending one of the following types with your repository: org.springframework.data.keyvalue.repository.KeyValueRepository
2026-08-06T23:55:31.161+08:00  INFO 31780 --- [campusgo-server] [           main] .RepositoryConfigurationExtensionSupport : Spring Data Redis - Could not safely identify store assignment for repository candidate interface com.campusgo.infrastructure.persistence.jpa.TaskGroupMemberJpaRepository; If you want this repository to be a Redis repository, consider annotating your entities with one of these annotations: org.springframework.data.redis.core.RedisHash (preferred), or consider extending one of the following types with your repository: org.springframework.data.keyvalue.repository.KeyValueRepository
2026-08-06T23:55:31.165+08:00  INFO 31780 --- [campusgo-server] [           main] .RepositoryConfigurationExtensionSupport : Spring Data Redis - Could not safely identify store assignment for repository candidate interface com.campusgo.infrastructure.persistence.jpa.TaskJpaRepository; If you want this repository to be a Redis repository, consider annotating your entities with one of these annotations: org.springframework.data.redis.core.RedisHash (preferred), or consider extending one of the following types with your repository: org.springframework.data.keyvalue.repository.KeyValueRepository
2026-08-06T23:55:31.168+08:00  INFO 31780 --- [campusgo-server] [           main] .RepositoryConfigurationExtensionSupport : Spring Data Redis - Could not safely identify store assignment for repository candidate interface com.campusgo.infrastructure.persistence.jpa.TaskReserveSlotJpaRepository; If you want this repository to be a Redis repository, consider annotating your entities with one of these annotations: org.springframework.data.redis.core.RedisHash (preferred), or consider extending one of the following types with your repository: org.springframework.data.keyvalue.repository.KeyValueRepository
2026-08-06T23:55:31.169+08:00  INFO 31780 --- [campusgo-server] [           main] .RepositoryConfigurationExtensionSupport : Spring Data Redis - Could not safely identify store assignment for repository candidate interface com.campusgo.infrastructure.persistence.jpa.TaskStatusLogJpaRepository; If you want this repository to be a Redis repository, consider annotating your entities with one of these annotations: org.springframework.data.redis.core.RedisHash (preferred), or consider extending one of the following types with your repository: org.springframework.data.keyvalue.repository.KeyValueRepository
2026-08-06T23:55:31.173+08:00  INFO 31780 --- [campusgo-server] [           main] .RepositoryConfigurationExtensionSupport : Spring Data Redis - Could not safely identify store assignment for repository candidate interface com.campusgo.infrastructure.persistence.jpa.UserAddressJpaRepository; If you want this repository to be a Redis repository, consider annotating your entities with one of these annotations: org.springframework.data.redis.core.RedisHash (preferred), or consider extending one of the following types with your repository: org.springframework.data.keyvalue.repository.KeyValueRepository
2026-08-06T23:55:31.177+08:00  INFO 31780 --- [campusgo-server] [           main] .RepositoryConfigurationExtensionSupport : Spring Data Redis - Could not safely identify store assignment for repository candidate interface com.campusgo.infrastructure.persistence.jpa.WalletJpaRepository; If you want this repository to be a Redis repository, consider annotating your entities with one of these annotations: org.springframework.data.redis.core.RedisHash (preferred), or consider extending one of the following types with your repository: org.springframework.data.keyvalue.repository.KeyValueRepository
2026-08-06T23:55:31.179+08:00  INFO 31780 --- [campusgo-server] [           main] .RepositoryConfigurationExtensionSupport : Spring Data Redis - Could not safely identify store assignment for repository candidate interface com.campusgo.infrastructure.persistence.jpa.WalletLedgerJpaRepository; If you want this repository to be a Redis repository, consider annotating your entities with one of these annotations: org.springframework.data.redis.core.RedisHash (preferred), or consider extending one of the following types with your repository: org.springframework.data.keyvalue.repository.KeyValueRepository
2026-08-06T23:55:31.182+08:00  INFO 31780 --- [campusgo-server] [           main] .s.d.r.c.RepositoryConfigurationDelegate : Finished Spring Data repository scanning in 52 ms. Found 0 Redis repository interfaces.
2026-08-06T23:55:32.733+08:00  INFO 31780 --- [campusgo-server] [           main] o.s.b.w.embedded.tomcat.TomcatWebServer  : Tomcat initialized with port 8080 (http)
2026-08-06T23:55:32.771+08:00  INFO 31780 --- [campusgo-server] [           main] o.apache.catalina.core.StandardService   : Starting service [Tomcat]
2026-08-06T23:55:32.774+08:00  INFO 31780 --- [campusgo-server] [           main] o.apache.catalina.core.StandardEngine    : Starting Servlet engine: [Apache Tomcat/10.1.31]
2026-08-06T23:55:32.854+08:00  INFO 31780 --- [campusgo-server] [           main] o.a.c.c.C.[Tomcat].[localhost].[/]       : Initializing Spring embedded WebApplicationContext
2026-08-06T23:55:32.858+08:00  INFO 31780 --- [campusgo-server] [           main] w.s.c.ServletWebServerApplicationContext : Root WebApplicationContext: initialization completed in 4749 ms
2026-08-06T23:55:34.523+08:00  INFO 31780 --- [campusgo-server] [           main] com.zaxxer.hikari.HikariDataSource       : HikariPool-1 - Starting...
2026-08-06T23:55:34.827+08:00  INFO 31780 --- [campusgo-server] [           main] com.zaxxer.hikari.pool.HikariPool        : HikariPool-1 - Added connection org.postgresql.jdbc.PgConnection@4f98ac31
2026-08-06T23:55:34.831+08:00  INFO 31780 --- [campusgo-server] [           main] com.zaxxer.hikari.HikariDataSource       : HikariPool-1 - Start completed.
2026-08-06T23:55:34.880+08:00  INFO 31780 --- [campusgo-server] [           main] org.flywaydb.core.FlywayExecutor         : Database: jdbc:postgresql://localhost:5433/campusgo (PostgreSQL 16.14)
2026-08-06T23:55:34.979+08:00  INFO 31780 --- [campusgo-server] [           main] o.f.core.internal.command.DbValidate     : Successfully validated 7 migrations (execution time 00:00.066s)
2026-08-06T23:55:35.020+08:00  INFO 31780 --- [campusgo-server] [           main] o.f.core.internal.command.DbMigrate      : Current version of schema "public": 5
2026-08-06T23:55:35.064+08:00  INFO 31780 --- [campusgo-server] [           main] o.f.core.internal.command.DbMigrate      : Migrating schema "public" to version "6 - chat"
2026-08-06T23:55:35.394+08:00  INFO 31780 --- [campusgo-server] [           main] o.f.core.internal.command.DbMigrate      : Successfully applied 1 migration to schema "public", now at version v6 (execution time 00:00.290s)
2026-08-06T23:55:35.523+08:00  INFO 31780 --- [campusgo-server] [           main] o.hibernate.jpa.internal.util.LogHelper  : HHH000204: Processing PersistenceUnitInfo [name: default]
2026-08-06T23:55:35.617+08:00  INFO 31780 --- [campusgo-server] [           main] org.hibernate.Version                    : HHH000412: Hibernate ORM core version 6.5.3.Final
2026-08-06T23:55:35.667+08:00  INFO 31780 --- [campusgo-server] [           main] o.h.c.internal.RegionFactoryInitiator    : HHH000026: Second-level cache disabled
2026-08-06T23:55:36.084+08:00  INFO 31780 --- [campusgo-server] [           main] o.s.o.j.p.SpringPersistenceUnitInfo      : No LoadTimeWeaver setup: ignoring JPA class transformer
2026-08-06T23:55:37.360+08:00  INFO 31780 --- [campusgo-server] [           main] o.h.e.t.j.p.i.JtaPlatformInitiator       : HHH000489: No JTA platform available (set 'hibernate.transaction.jta.platform' to enable JTA platform integration)
2026-08-06T23:55:37.422+08:00  INFO 31780 --- [campusgo-server] [           main] j.LocalContainerEntityManagerFactoryBean : Initialized JPA EntityManagerFactory for persistence unit 'default'
2026-08-06T23:55:38.057+08:00  INFO 31780 --- [campusgo-server] [           main] o.s.d.j.r.query.QueryEnhancerFactory     : Hibernate is in classpath; If applicable, HQL parser will be used.
2026-08-06T23:55:39.763+08:00  WARN 31780 --- [campusgo-server] [           main] .s.s.UserDetailsServiceAutoConfiguration : 

Using generated security password: 7cfe2918-2a17-45b7-a4cf-54da2b442095

This generated password is for development use only. Your security configuration must be updated before running your application in production.

2026-08-06T23:55:39.800+08:00  INFO 31780 --- [campusgo-server] [           main] r$InitializeUserDetailsManagerConfigurer : Global AuthenticationManager configured with UserDetailsService bean with name inMemoryUserDetailsManager
2026-08-06T23:55:40.557+08:00  INFO 31780 --- [campusgo-server] [           main] o.s.b.a.e.web.EndpointLinksResolver      : Exposing 2 endpoints beneath base path '/actuator'
2026-08-06T23:55:41.358+08:00  INFO 31780 --- [campusgo-server] [           main] o.s.b.w.embedded.tomcat.TomcatWebServer  : Tomcat started on port 8080 (http) with context path '/'
2026-08-06T23:55:41.384+08:00  INFO 31780 --- [campusgo-server] [           main] com.campusgo.CampusGoServerApplication   : Started CampusGoServerApplication in 14.052 seconds (process running for 15.056)
2026-08-06T23:55:50.353+08:00  INFO 31780 --- [campusgo-server] [nio-8080-exec-1] o.a.c.c.C.[Tomcat].[localhost].[/]       : Initializing Spring DispatcherServlet 'dispatcherServlet'
2026-08-06T23:55:50.353+08:00  INFO 31780 --- [campusgo-server] [nio-8080-exec-1] o.s.web.servlet.DispatcherServlet        : Initializing Servlet 'dispatcherServlet'
2026-08-06T23:55:50.355+08:00  INFO 31780 --- [campusgo-server] [nio-8080-exec-1] o.s.web.servlet.DispatcherServlet        : Completed initialization in 1 ms
2026-08-06T23:55:52.427+08:00  INFO 31780 --- [campusgo-server] [nio-8080-exec-4] o.springdoc.api.AbstractOpenApiResource  : Init duration for springdoc-openapi is: 761 ms
2026-08-07T00:03:08.426+08:00  INFO 31780 --- [campusgo-server] [xecutorLoop-1-1] i.l.core.protocol.ConnectionWatchdog     : Reconnecting, last destination was localhost/127.0.0.1:6379
2026-08-07T00:03:08.446+08:00  WARN 31780 --- [campusgo-server] [ioEventLoop-4-2] i.l.core.protocol.ConnectionWatchdog     : Cannot reconnect to [localhost/<unresolved>:6379]: Connection closed prematurely

io.lettuce.core.RedisConnectionException: Connection closed prematurely
	at io.lettuce.core.protocol.RedisHandshakeHandler.channelInactive(RedisHandshakeHandler.java:91) ~[lettuce-core-6.3.2.RELEASE.jar!/:6.3.2.RELEASE/8941aea]
	at io.netty.channel.AbstractChannelHandlerContext.invokeChannelInactive(AbstractChannelHandlerContext.java:303) ~[netty-transport-4.1.114.Final.jar!/:4.1.114.Final]
	at io.netty.channel.AbstractChannelHandlerContext.invokeChannelInactive(AbstractChannelHandlerContext.java:281) ~[netty-transport-4.1.114.Final.jar!/:4.1.114.Final]
	at io.netty.channel.AbstractChannelHandlerContext.fireChannelInactive(AbstractChannelHandlerContext.java:274) ~[netty-transport-4.1.114.Final.jar!/:4.1.114.Final]
	at io.netty.channel.ChannelInboundHandlerAdapter.channelInactive(ChannelInboundHandlerAdapter.java:81) ~[netty-transport-4.1.114.Final.jar!/:4.1.114.Final]
	at io.lettuce.core.ChannelGroupListener.channelInactive(ChannelGroupListener.java:69) ~[lettuce-core-6.3.2.RELEASE.jar!/:6.3.2.RELEASE/8941aea]
	at io.netty.channel.AbstractChannelHandlerContext.invokeChannelInactive(AbstractChannelHandlerContext.java:303) ~[netty-transport-4.1.114.Final.jar!/:4.1.114.Final]
	at io.netty.channel.AbstractChannelHandlerContext.invokeChannelInactive(AbstractChannelHandlerContext.java:281) ~[netty-transport-4.1.114.Final.jar!/:4.1.114.Final]
	at io.netty.channel.AbstractChannelHandlerContext.fireChannelInactive(AbstractChannelHandlerContext.java:274) ~[netty-transport-4.1.114.Final.jar!/:4.1.114.Final]
	at io.netty.channel.DefaultChannelPipeline$HeadContext.channelInactive(DefaultChannelPipeline.java:1352) ~[netty-transport-4.1.114.Final.jar!/:4.1.114.Final]
	at io.netty.channel.AbstractChannelHandlerContext.invokeChannelInactive(AbstractChannelHandlerContext.java:301) ~[netty-transport-4.1.114.Final.jar!/:4.1.114.Final]
	at io.netty.channel.AbstractChannelHandlerContext.invokeChannelInactive(AbstractChannelHandlerContext.java:281) ~[netty-transport-4.1.114.Final.jar!/:4.1.114.Final]
	at io.netty.channel.DefaultChannelPipeline.fireChannelInactive(DefaultChannelPipeline.java:850) ~[netty-transport-4.1.114.Final.jar!/:4.1.114.Final]
	at io.netty.channel.AbstractChannel$AbstractUnsafe$7.run(AbstractChannel.java:811) ~[netty-transport-4.1.114.Final.jar!/:4.1.114.Final]
	at io.netty.util.concurrent.AbstractEventExecutor.runTask(AbstractEventExecutor.java:173) ~[netty-common-4.1.114.Final.jar!/:4.1.114.Final]
	at io.netty.util.concurrent.AbstractEventExecutor.safeExecute(AbstractEventExecutor.java:166) ~[netty-common-4.1.114.Final.jar!/:4.1.114.Final]
	at io.netty.util.concurrent.SingleThreadEventExecutor.runAllTasks(SingleThreadEventExecutor.java:472) ~[netty-common-4.1.114.Final.jar!/:4.1.114.Final]
	at io.netty.channel.nio.NioEventLoop.run(NioEventLoop.java:566) ~[netty-transport-4.1.114.Final.jar!/:4.1.114.Final]
	at io.netty.util.concurrent.SingleThreadEventExecutor$4.run(SingleThreadEventExecutor.java:997) ~[netty-common-4.1.114.Final.jar!/:4.1.114.Final]
	at io.netty.util.internal.ThreadExecutorMap$2.run(ThreadExecutorMap.java:74) ~[netty-common-4.1.114.Final.jar!/:4.1.114.Final]
	at io.netty.util.concurrent.FastThreadLocalRunnable.run(FastThreadLocalRunnable.java:30) ~[netty-common-4.1.114.Final.jar!/:4.1.114.Final]
	at java.base/java.lang.Thread.run(Thread.java:1583) ~[na:na]

2026-08-07T00:03:13.622+08:00  INFO 31780 --- [campusgo-server] [ecutorLoop-1-12] i.l.core.protocol.ConnectionWatchdog     : Reconnecting, last destination was localhost/<unresolved>:6379
2026-08-07T00:03:13.636+08:00  WARN 31780 --- [campusgo-server] [oEventLoop-4-13] i.l.core.protocol.ConnectionWatchdog     : Cannot reconnect to [localhost/<unresolved>:6379]: Connection refused: getsockopt: localhost/127.0.0.1:6379
2026-08-07T00:03:26.120+08:00  INFO 31780 --- [campusgo-server] [ecutorLoop-1-14] i.l.core.protocol.ConnectionWatchdog     : Reconnecting, last destination was localhost/<unresolved>:6379
2026-08-07T00:03:26.135+08:00  WARN 31780 --- [campusgo-server] [oEventLoop-4-15] i.l.core.protocol.ConnectionWatchdog     : Cannot reconnect to [localhost/<unresolved>:6379]: Connection refused: getsockopt: localhost/127.0.0.1:6379
2026-08-07T00:03:42.622+08:00  INFO 31780 --- [campusgo-server] [ecutorLoop-1-15] i.l.core.protocol.ConnectionWatchdog     : Reconnecting, last destination was localhost/<unresolved>:6379
2026-08-07T00:03:42.661+08:00  WARN 31780 --- [campusgo-server] [oEventLoop-4-16] i.l.core.protocol.ConnectionWatchdog     : Cannot reconnect to [localhost/<unresolved>:6379]: Connection refused: getsockopt: localhost/127.0.0.1:6379
2026-08-07T00:04:12.725+08:00  INFO 31780 --- [campusgo-server] [ecutorLoop-1-11] i.l.core.protocol.ConnectionWatchdog     : Reconnecting, last destination was localhost/<unresolved>:6379
2026-08-07T00:04:12.738+08:00  WARN 31780 --- [campusgo-server] [ioEventLoop-4-1] i.l.core.protocol.ConnectionWatchdog     : Cannot reconnect to [localhost/<unresolved>:6379]: Connection refused: getsockopt: localhost/127.0.0.1:6379
